../Core/Src/flight_log.c:135:12:erase_log_region	32	static,ignoring_inline_asm
../Core/Src/flight_log.c:25:13:dbg_led_boot_fail	8	static
../Core/Src/flight_log.c:53:13:invalidate_flash_cache	8	static,ignoring_inline_asm
../Core/Src/flight_log.c:155:12:flash_word_is_erased	48	static
../Core/Src/flight_log.c:102:12:program_flash_word	80	static,ignoring_inline_asm
../Core/Src/flight_log.c:176:12:write_file_header	72	static
../Core/Src/flight_log.c:211:5:flight_log_boot	24	static
../Core/Src/flight_log.c:247:5:flight_log_begin_staging	0	static
../Core/Src/flight_log.c:253:5:flight_log_append	120	static
../Core/Src/flight_log.c:293:5:flight_log_flush	88	static
../Core/Src/flight_log.c:325:9:flight_log_is_full	0	static
../Core/Src/flight_log.c:330:10:flight_log_record_count	0	static
