../Core/Src/physics.c:9:6:model_params_default	0	static
../Core/Src/physics.c:25:7:control_to_servo_angle	0	static
../Core/Src/physics.c:33:7:calculate_air_density	16	static
../Core/Src/physics.c:45:7:calculate_temperature	0	static
../Core/Src/physics.c:53:7:calculate_mach	16	static
../Core/Src/physics.c:60:7:calculate_drag_coefficient	16	static
../Core/Src/physics.c:73:7:calculate_brake_area	0	static
../Core/Src/physics.c:86:7:calculate_cross_section	8	static
../Core/Src/physics.c:91:6:coast_derivatives	56	static
../Core/Src/physics.c:114:6:step_coast	136	static
../Core/Src/physics.c:155:7:propagate_coast_to_apogee	64	static
