../Core/Src/flight_log.c:25:13:dbg_led_boot_fail	8	static
../Core/Src/flight_log.c:32:13:dbg_led_append_fail	8	static
../Core/Src/flight_log.c:42:16:dcache_is_enabled	4	static
../Core/Src/flight_log.c:53:13:invalidate_flash_cache	48	static,ignoring_inline_asm
../Core/Src/flight_log.c:70:13:flash_read	24	static
../Core/Src/flight_log.c:76:13:reset_state	16	static
../Core/Src/flight_log.c:84:13:fill_record	24	static
../Core/Src/flight_log.c:102:12:program_flash_word	112	static,ignoring_inline_asm
../Core/Src/flight_log.c:126:12:program_record	88	static
../Core/Src/flight_log.c:135:12:erase_log_region	40	static,ignoring_inline_asm
../Core/Src/flight_log.c:155:12:flash_word_is_erased	56	static
../Core/Src/flight_log.c:168:12:verify_header_magic	16	static
../Core/Src/flight_log.c:176:12:write_file_header	96	static
../Core/Src/flight_log.c:198:12:record_slot_erased	56	static
../Core/Src/flight_log.c:211:5:flight_log_boot	32	static
../Core/Src/flight_log.c:247:5:flight_log_begin_staging	8	static
../Core/Src/flight_log.c:253:5:flight_log_append	56	static
../Core/Src/flight_log.c:293:5:flight_log_flush	16	static
../Core/Src/flight_log.c:325:9:flight_log_is_full	4	static
../Core/Src/flight_log.c:330:10:flight_log_record_count	4	static
