../Core/Inc/physics.h:17:21:clamp_f	24	static
../Core/Src/main.c:115:14:Servo_DiscretizeAngleDeg	24	static
../Core/Src/main.c:130:14:Servo_SetAngleDeg	24	static
../Core/Src/main.c:183:13:Playback_Finish	8	static
../Core/Src/main.c:194:13:PlantState_ToTelem	16	static
../Core/Src/main.c:204:13:Telemetry_PlaybackFeed	48	static
../Core/Src/main.c:253:5:main	56	static
../Core/Src/main.c:401:6:SystemClock_Config	120	static
../Core/Src/main.c:477:6:MPU_Config	24	static
../Core/Src/main.c:508:6:Error_Handler	4	static,ignoring_inline_asm
