../Core/Inc/physics.h:28:21:clamp_f	24	static
../Core/Src/main.c:122:14:Servo_DiscretizeAngleDeg	32	static
../Core/Src/main.c:138:14:Servo_SetAngleDeg	32	static
../Core/Src/main.c:190:13:Playback_Finish	8	static
../Core/Src/main.c:201:13:PlantState_ToTelem	16	static
../Core/Src/main.c:211:13:Telemetry_PlaybackFeed	48	static
../Core/Src/main.c:261:5:main	56	static
../Core/Src/main.c:407:6:SystemClock_Config	120	static
../Core/Src/main.c:483:6:MPU_Config	24	static
../Core/Src/main.c:514:6:Error_Handler	4	static,ignoring_inline_asm
